// Jest Snapshot v1, https://goo.gl/fbAQLP

exports[`Components should save id elements to reuse them 1`] = `"<div id=\\"test\\"></div>"`;

exports[`Components should save id elements to reuse them 2`] = `"<div id=\\"test\\">text</div>"`;
